=== P8 CLOSE TERMINAL GATE — at branch HEAD, clean tree (the program review's D-10) ===
date: 2026-08-06T02:09:08Z
HEAD: a007cf7d446e3eee3736485ef1f0a5c3fa5efa5b
porcelain-dirty-paths: 0 (this log file itself is committed in the immediately following docs-only commit — stated here so the fixed point is explicit)

--- (1) typecheck ---


--- (2) full unit suite ---
 Test Files  498 passed | 2 skipped (500)
      Tests  8419 passed | 30 skipped (8449)
   Duration  165.45s (transform 4.75s, setup 0ms, import 47.95s, tests 74.33s, environment 23ms)

--- (3) verify:all ---
 ↓ test/conversions-service-proxy.test.ts > Conversions private service proxy > derives a signed side-effect-free Connection-test scope and refuses client-selected external modes
TOTAL: 0 hit(s) across 5 categories
mode: --strict (exit 1 if TOTAL > 0)
  UNCLASSIFIED  0
[UNCLASSIFIED — needs an allowlist entry] 0 block(s)
mode: --strict (exit 1 if any UNCLASSIFIED block OR any stale golden:false entry exists)

--- (4) verify:leadgen-runtime ---
  freshness: OK (byte-identical rebuild)
  size: OK (53181 bytes, 99.9% of budget)
  types: OK (tsc -p tsconfig.runtime.json)
verify:leadgen-runtime PASS

--- (5) register ---
rows checked: 109
R1 violations: 0
R2 violations: 0
R3 violations: 0
R4 violations: 0
R5 violations: 0
TOTAL violations: 0
